-0.000464125391,-0.002121530972,0.000035594689,0.000228047928,0.000208963989,-0.000004182911,0.999999999995
0.151450948671,-0.423116081968,-0.048449829716,1.209065851874,0.628638159844,-0.055583312786,0.000000166012
0.716975881884,0.100566659913,-0.038996641194,-0.170299691879,1.159161125014,0.028765228917,0.000002447838
-0.560225245094,-0.843221363504,0.002136774022,0.817199951391,-0.558430869148,0.001028526429,0.000003040433
1.025659424634,1.023898538689,-0.001111081410,-0.549243780025,0.647779292659,0.025998757271,0.000000322716
-3.961934710046,3.554046815419,0.069774678892,-0.299543133188,-0.305930469804,0.008051577927,0.000954791910
6.869221663674,-7.142785054989,-0.169177027495,0.217094013185,0.222833242889,-0.012373289756,0.000285885670
19.145062381752,5.921409548844,-0.223741758803,-0.068434225186,0.207500805399,0.001590732122,0.000043662496
28.085802970513,9.971875891202,-0.853813568836,-0.062388502865,0.173121188198,-0.002125285632,0.000051513838
