-0.050606442387,-0.461991530442,-0.033112314887,1.297866429609,-0.095245414386,-0.126775743500,0.000000166012
-0.718793813632,0.007670469824,0.041581576970,-0.019239781258,-1.181397566979,-0.015093925795,0.000002447838
-0.570136758383,-0.835057545440,0.000046827080,0.809871257261,-0.568249652621,0.000026170045,0.000003040433
-1.443208637096,0.828614870687,0.052767508494,-0.374364176410,-0.636584154143,-0.004143932112,0.000000322716
4.501800226757,2.067258091241,-0.109306794899,-0.188189076704,0.419195449827,0.002471049850,0.000954791910
8.506237384960,-4.860944032878,-0.253997911176,0.142923086101,0.280867692687,-0.010574288425,0.000285885670
12.967928203834,14.761880769356,-0.113280016732,-0.173497103814,0.140195150609,0.002768348637,0.000043662496
29.796803635572,-2.513511078602,-0.634925209140,0.014142948750,0.182921109041,-0.004092845620,0.000051513838
