-0.000464125391,-0.002121530972,0.000035594689,0.000228047928,0.000208963989,-0.000004182911,0.999999999995
0.151450948869,-0.423116081865,-0.048449829726,1.209065851601,0.628638160600,-0.055583312699,0.000000166012
0.716975881950,0.100566659469,-0.038996641205,-0.170299691160,1.159161125117,0.028765228878,0.000002447838
-0.560225245123,-0.843221363484,0.002136774022,0.817199951372,-0.558430869177,0.001028526429,0.000003040433
1.025659424469,1.023898538885,-0.001111081402,-0.549243780126,0.647779292558,0.025998757271,0.000000322716
-3.961934710196,3.554046815265,0.069774678896,-0.299543133175,-0.305930469816,0.008051577927,0.000954791910
6.869221663671,-7.142785054991,-0.169177027495,0.217094013185,0.222833242889,-0.012373289756,0.000285885670
19.145062381742,5.921409548873,-0.223741758803,-0.068434225187,0.207500805399,0.001590732122,0.000043662496
28.085802970511,9.971875891207,-0.853813568836,-0.062388502865,0.173121188198,-0.002125285632,0.000051513838
