-0.008815457679,-0.001095387745,0.000214232206,0.000143158593,-0.000491243869,0.000000812916,0.999999999995
-0.059421900066,-0.463086918187,-0.032898082681,1.297866429609,-0.095245414386,-0.126775743500,0.000000166012
-0.727609271311,0.006575082079,0.041795809177,-0.019239781258,-1.181397566979,-0.015093925795,0.000002447838
-0.578952216062,-0.836152933185,0.000261059286,0.809871257261,-0.568249652621,0.000026170045,0.000003040433
-1.452024094775,0.827519482941,0.052981740700,-0.374364176410,-0.636584154143,-0.004143932112,0.000000322716
4.492984769079,2.066162703496,-0.109092562692,-0.188189076704,0.419195449827,0.002471049850,0.000954791910
8.497421927281,-4.862039420623,-0.253783678970,0.142923086101,0.280867692687,-0.010574288425,0.000285885670
12.959112746156,14.760785381611,-0.113065784526,-0.173497103814,0.140195150609,0.002768348637,0.000043662496
29.787988177893,-2.514606466347,-0.634710976933,0.014142948750,0.182921109041,-0.004092845620,0.000051513838
