-0.001053687694,-0.003647767005,-0.000020265119,0.000323904482,-0.000260464225,-0.000003946494,0.999999999995
0.037008245825,-0.467125684152,-0.045582699307,1.295164892579,0.122757824122,-0.071942321710,0.000000166012
0.100317128590,-0.721733324685,-0.029542118901,1.159890857605,0.163974863926,-0.038643526679,0.000002447838
-0.470425147405,-0.889615003438,0.020666954654,0.876279407107,-0.476778532165,-0.000150179590,0.000003040433
-0.436908744429,1.433456540421,0.020610685981,-0.806059211276,-0.158542961807,-0.001050035714,0.000000322716
3.776020109927,3.109479390111,-0.120715007263,-0.295645849243,0.358706620019,0.002431664313,0.000954791910
-8.081135773900,4.740189332884,0.331358070323,-0.164332432880,-0.285606351248,0.006101094461,0.000285885670
10.377533614058,16.714055709650,-0.101205604792,-0.193530039693,0.110286856051,0.002297157619,0.000043662496
-13.455302606520,-27.215636961244,0.877853259504,0.162047648869,-0.079814980953,-0.002182383668,0.000051513838
