0.008207426359,-0.002057530271,-0.000187029331,0.000092055871,0.000459365809,-0.000006241102,0.999999999995
0.321174092240,-0.261097752625,-0.050016093378,0.719697004643,1.335843140060,0.043475656077,0.000000166012
0.700447377758,0.211288940276,-0.037083807073,-0.350187365236,1.118928219103,0.035844814909,0.000002447838
-0.560946222473,-0.837755387964,0.000063429026,0.810492111216,-0.566359977835,0.000130935069,0.000003040433
-1.494999359378,-0.598395652618,0.023838298202,0.329875471030,-0.685870162870,-0.022430318296,0.000000322716
-5.437189384324,0.010542080653,0.121240263639,-0.006431562105,-0.417957148788,0.001910033980,0.000954791910
-4.727214853220,7.749819018386,0.055710610203,-0.294207145426,-0.169745451858,0.014678265153,0.000285885670
-8.655464417184,16.483860332393,0.172945043670,-0.204127591597,-0.117023274078,0.002205806158,0.000043662496
-24.969206979937,-17.190672587222,0.929521567115,0.102385708862,-0.149159625919,0.000712071531,0.000051513838
