-0.008803044185,-0.001137541409,0.000214299359,0.000145878497,-0.000490258559,0.000000750225,0.999999999995
0.052702561310,-0.454248795876,-0.042451157448,1.292766363295,0.303327492586,-0.093738385789,0.000000166012
-0.722140600205,-0.094822469595,0.040090839152,0.145841390455,-1.171487037943,-0.024483627411,0.000002447838
-0.507327249631,-0.882030130826,0.000263207416,0.854287643046,-0.496933674257,0.000022191222,0.000003040433
-1.483046932338,0.772074275071,0.052583207902,-0.347192112510,-0.651503076838,-0.005123135696,0.000000322716
4.476673931205,2.102113219873,-0.108876634062,-0.191365900759,0.417721258277,0.002548249109,0.000954791910
8.509694011761,-4.837904476444,-0.254692129343,0.142145131463,0.281310834849,-0.010551033758,0.000285885670
12.944195985268,14.772794510016,-0.112827550643,-0.173644053395,0.140027707703,0.002769631689,0.000043662496
29.789212936880,-2.498914841006,-0.635062856311,0.014047159087,0.182929163929,-0.004090803961,0.000051513838
